// Jest Snapshot v1, https://goo.gl/fbAQLP

exports[`<CreateAccount /> Children check 1`] = `
<View
  style={
    Object {
      "backgroundColor": "#fff",
      "flex": 1,
      "flexDirection": "column",
    }
  }
>
  <View>
    <Text
      style={
        Object {
          "alignItems": "center",
          "flexDirection": "row",
          "fontSize": 40.019999999999996,
          "fontWeight": "bold",
          "height": 66.7,
          "marginLeft": 37.5,
          "textAlign": "center",
          "textAlignVertical": "center",
          "top": 26.68,
          "width": 712.5,
        }
      }
    >
      CREATE ACCOUNT
    </Text>
    <View
      accessible={true}
      focusable={true}
      onClick={[Function]}
      onResponderGrant={[Function]}
      onResponderMove={[Function]}
      onResponderRelease={[Function]}
      onResponderTerminate={[Function]}
      onResponderTerminationRequest={[Function]}
      onStartShouldSetResponder={[Function]}
      style={
        Object {
          "alignItems": "center",
          "flexDirection": "row",
          "height": 106.72,
          "marginBottom": 26.68,
          "marginTop": -66.7,
          "opacity": 1,
          "width": 150,
        }
      }
    >
      <Text />
    </View>
  </View>
  <RCTScrollView
    style={
      Object {
        "marginTop": -26.68,
      }
    }
  >
    <View>
      <Text
        style={
          Object {
            "color": "#000",
            "fontSize": 33.35,
            "height": 40.019999999999996,
            "marginLeft": 75,
            "marginTop": 33.35,
            "textAlign": "left",
            "textAlignVertical": "top",
            "width": 600,
          }
        }
      >
        Name
      </Text>
      <TextInput
        allowFontScaling={true}
        autoCompleteType="name"
        onChangeText={[Function]}
        placeholder=" Name"
        rejectResponderTermination={true}
        style={
          Object {
            "borderColor": "#000",
            "borderRadius": 3,
            "borderWidth": 1,
            "color": "#000",
            "fontSize": 40.019999999999996,
            "height": 66.7,
            "marginLeft": 75,
            "marginTop": 6.67,
            "textAlign": "left",
            "textAlignVertical": "center",
            "width": 600,
          }
        }
        underlineColorAndroid="transparent"
      />
      <Text
        style={
          Object {
            "color": "#000",
            "fontSize": 33.35,
            "height": 40.019999999999996,
            "marginLeft": 75,
            "marginTop": 33.35,
            "textAlign": "left",
            "textAlignVertical": "top",
            "width": 600,
          }
        }
      >
        Date of Birth
      </Text>
      <View
        accessible={true}
        focusable={true}
        onClick={[Function]}
        onResponderGrant={[Function]}
        onResponderMove={[Function]}
        onResponderRelease={[Function]}
        onResponderTerminate={[Function]}
        onResponderTerminationRequest={[Function]}
        onStartShouldSetResponder={[Function]}
        style={
          Object {
            "borderColor": "#000",
            "borderRadius": 3,
            "borderWidth": 1,
            "color": "#000",
            "fontSize": 40.019999999999996,
            "fontWeight": "normal",
            "height": 66.7,
            "marginLeft": 75,
            "marginTop": 6.67,
            "opacity": 1,
            "textAlign": "left",
            "textAlignVertical": "center",
            "width": 600,
          }
        }
      >
        <Text
          style={
            Object {
              "fontSize": 40.019999999999996,
            }
          }
        >
          14/09/2021
        </Text>
      </View>
      <Text
        style={
          Object {
            "color": "#000",
            "fontSize": 33.35,
            "height": 40.019999999999996,
            "marginLeft": 75,
            "marginTop": 33.35,
            "textAlign": "left",
            "textAlignVertical": "top",
            "width": 600,
          }
        }
      >
        Email Address
      </Text>
      <TextInput
        allowFontScaling={true}
        autoCompleteType="email"
        keyboardType="email-address"
        onChangeText={[Function]}
        placeholder=" Email"
        rejectResponderTermination={true}
        style={
          Object {
            "borderColor": "#000",
            "borderRadius": 3,
            "borderWidth": 1,
            "color": "#000",
            "fontSize": 40.019999999999996,
            "height": 66.7,
            "marginLeft": 75,
            "marginTop": 6.67,
            "textAlign": "left",
            "textAlignVertical": "center",
            "width": 600,
          }
        }
        underlineColorAndroid="transparent"
      />
      <Text
        style={
          Object {
            "color": "#000",
            "fontSize": 33.35,
            "height": 40.019999999999996,
            "marginLeft": 75,
            "marginTop": 33.35,
            "textAlign": "left",
            "textAlignVertical": "top",
            "width": 600,
          }
        }
      >
        Username
      </Text>
      <TextInput
        allowFontScaling={true}
        onChangeText={[Function]}
        placeholder=" Username"
        rejectResponderTermination={true}
        style={
          Object {
            "borderColor": "#000",
            "borderRadius": 3,
            "borderWidth": 1,
            "color": "#000",
            "fontSize": 40.019999999999996,
            "height": 66.7,
            "marginLeft": 75,
            "marginTop": 6.67,
            "textAlign": "left",
            "textAlignVertical": "center",
            "width": 600,
          }
        }
        underlineColorAndroid="transparent"
      />
      <Text
        style={
          Object {
            "color": "#000",
            "fontSize": 33.35,
            "height": 40.019999999999996,
            "marginLeft": 75,
            "marginTop": 33.35,
            "textAlign": "left",
            "textAlignVertical": "top",
            "width": 600,
          }
        }
      >
        Password
      </Text>
      <TextInput
        allowFontScaling={true}
        onChangeText={[Function]}
        placeholder=" Password"
        rejectResponderTermination={true}
        secureTextEntry={true}
        style={
          Object {
            "borderColor": "#000",
            "borderRadius": 3,
            "borderWidth": 1,
            "color": "#000",
            "fontSize": 40.019999999999996,
            "height": 66.7,
            "marginLeft": 75,
            "marginTop": 6.67,
            "textAlign": "left",
            "textAlignVertical": "center",
            "width": 600,
          }
        }
        underlineColorAndroid="transparent"
      />
      <Text
        style={
          Object {
            "color": "#000",
            "fontSize": 33.35,
            "height": 40.019999999999996,
            "marginLeft": 75,
            "marginTop": 33.35,
            "textAlign": "left",
            "textAlignVertical": "top",
            "width": 600,
          }
        }
      >
        Confirm Password
      </Text>
      <TextInput
        allowFontScaling={true}
        onChangeText={[Function]}
        placeholder=" Confirm Password"
        rejectResponderTermination={true}
        secureTextEntry={true}
        style={
          Object {
            "borderColor": "#000",
            "borderRadius": 3,
            "borderWidth": 1,
            "color": "#000",
            "fontSize": 40.019999999999996,
            "height": 66.7,
            "marginLeft": 75,
            "marginTop": 6.67,
            "textAlign": "left",
            "textAlignVertical": "center",
            "width": 600,
          }
        }
        underlineColorAndroid="transparent"
      />
      <View
        style={
          Object {
            "alignContent": "center",
            "flexDirection": "row",
            "marginBottom": 13.34,
            "marginLeft": 75,
            "width": 600,
          }
        }
      >
        <Text
          style={
            Object {
              "color": "#ff0000",
              "flex": 1,
              "flexWrap": "wrap",
              "fontSize": 26.68,
              "height": 133.4,
              "marginBottom": 6.67,
              "marginTop": 6.67,
              "textAlign": "center",
              "textAlignVertical": "center",
              "width": 750,
            }
          }
        >
          
        </Text>
      </View>
      <View
        accessible={true}
        focusable={true}
        onClick={[Function]}
        onResponderGrant={[Function]}
        onResponderMove={[Function]}
        onResponderRelease={[Function]}
        onResponderTerminate={[Function]}
        onResponderTerminationRequest={[Function]}
        onStartShouldSetResponder={[Function]}
        style={
          Object {
            "alignItems": "center",
            "borderColor": "#000",
            "borderRadius": 3,
            "borderWidth": 1,
            "height": 100.05,
            "justifyContent": "center",
            "marginBottom": -26.68,
            "marginLeft": 75,
            "opacity": 1,
            "width": 600,
          }
        }
      >
        <Text
          style={
            Object {
              "fontSize": 40.019999999999996,
              "fontWeight": "bold",
            }
          }
        >
          CREATE ACCOUNT
        </Text>
      </View>
      <View
        style={
          Object {
            "height": 50.025,
          }
        }
      />
    </View>
  </RCTScrollView>
</View>
`;
